../Core/Src/main.c:83:5:main	16	static
../Core/Src/main.c:149:6:SystemClock_Config	88	static
../Core/Src/main.c:196:13:MX_ADC1_Init	24	static
../Core/Src/main.c:248:13:MX_SPI3_Init	8	static
../Core/Src/main.c:286:13:MX_TIM3_Init	32	static
../Core/Src/main.c:331:13:MX_TIM11_Init	8	static
../Core/Src/main.c:362:13:MX_USART2_UART_Init	8	static
../Core/Src/main.c:393:13:MX_DMA_Init	16	static
../Core/Src/main.c:411:13:MX_GPIO_Init	48	static
../Core/Src/main.c:463:6:MCP4922SetOutput	24	static
../Core/Src/main.c:470:6:HAL_SPI_TxCpltCallback	16	static
../Core/Src/main.c:478:6:HAL_TIM_PeriodElapsedCallback	24	static
../Core/Src/main.c:486:17:micros	12	static
../Core/Src/main.c:496:6:Error_Handler	4	static,ignoring_inline_asm
