../Core/Src/main.c:84:5:main	8	static
../Core/Src/main.c:154:6:SystemClock_Config	88	static
../Core/Src/main.c:201:13:MX_ADC1_Init	24	static
../Core/Src/main.c:253:13:MX_SPI3_Init	8	static
../Core/Src/main.c:291:13:MX_TIM3_Init	32	static
../Core/Src/main.c:336:13:MX_TIM11_Init	8	static
../Core/Src/main.c:367:13:MX_USART2_UART_Init	8	static
../Core/Src/main.c:398:13:MX_DMA_Init	16	static
../Core/Src/main.c:416:13:MX_GPIO_Init	48	static
../Core/Src/main.c:458:6:MCP4922SetOutput	24	static
../Core/Src/main.c:465:6:HAL_SPI_TxCpltCallback	16	static
../Core/Src/main.c:473:6:HAL_TIM_PeriodElapsedCallback	24	static
../Core/Src/main.c:481:17:micros	12	static
../Core/Src/main.c:491:6:Error_Handler	4	static,ignoring_inline_asm
