../Core/Src/main.c:96:5:main	8	static
../Core/Src/main.c:164:6:SystemClock_Config	88	static
../Core/Src/main.c:211:13:MX_I2C1_Init	8	static
../Core/Src/main.c:245:13:MX_USART2_UART_Init	8	static
../Core/Src/main.c:278:13:MX_GPIO_Init	48	static
../Core/Src/main.c:311:6:int_exp	8	static
../Core/Src/main.c:322:6:EEPROMWriteExample	16	static
../Core/Src/main.c:334:6:EEPROMWritefromeeprom	16	static
../Core/Src/main.c:346:6:EEPROMReadExample	24	static
../Core/Src/main.c:354:6:IOExpenderInit	24	static
../Core/Src/main.c:362:6:IOExpenderReadPinA	24	static
../Core/Src/main.c:369:6:IOExpenderWritePinB	24	static
../Core/Src/main.c:379:6:IOExpenderWriteexp	24	static
../Core/Src/main.c:389:6:HAL_GPIO_EXTI_Callback	16	static
../Core/Src/main.c:402:6:Error_Handler	4	static,ignoring_inline_asm
