../Core/Src/main.c:77:5:main	8	static
../Core/Src/main.c:124:6:SystemClock_Config	88	static
../Core/Src/main.c:166:13:MX_ADC1_Init	24	static
../Core/Src/main.c:220:13:MX_TIM2_Init	32	static
../Core/Src/main.c:262:13:MX_USART2_UART_Init	8	static
../Core/Src/main.c:291:13:MX_DMA_Init	16	static
../Core/Src/main.c:308:13:MX_GPIO_Init	48	static
../Core/Src/main.c:340:6:HAL_GPIO_EXTI_Callback	16	static
../Core/Src/main.c:358:6:HAL_TIM_PeriodElapsedCallback	16	static
../Core/Src/main.c:371:6:Error_Handler	4	static,ignoring_inline_asm
