../Core/Src/main.c:94:5:main	16	static
../Core/Src/main.c:168:6:SystemClock_Config	88	static
../Core/Src/main.c:212:13:MX_ADC1_Init	24	static
../Core/Src/main.c:261:13:MX_SPI3_Init	8	static
../Core/Src/main.c:297:13:MX_TIM2_Init	32	static
../Core/Src/main.c:339:13:MX_TIM3_Init	32	static
../Core/Src/main.c:381:13:MX_TIM11_Init	8	static
../Core/Src/main.c:410:13:MX_USART2_UART_Init	8	static
../Core/Src/main.c:439:13:MX_DMA_Init	16	static
../Core/Src/main.c:456:13:MX_GPIO_Init	48	static
../Core/Src/main.c:511:6:MCP4922SetOutput	24	static
../Core/Src/main.c:517:6:HAL_SPI_TxCpltCallback	16	static
../Core/Src/main.c:523:6:HAL_TIM_PeriodElapsedCallback	24	static
../Core/Src/main.c:529:10:micros	12	static
../Core/Src/main.c:533:6:HAL_GPIO_EXTI_Callback	16	static
../Core/Src/main.c:540:10:sawthooth	32	static
../Core/Src/main.c:555:10:pwm	48	static
../Core/Src/main.c:578:6:Error_Handler	4	static,ignoring_inline_asm
